  Application.cpp
C:\Program Files (x86)\Windows Kits\10\Include\10.0.18362.0\shared\minwindef.h(130,1): warning C4005: 'APIENTRY': macro redefinition
C:\Lab1-Graphics-main\Dependencies\GLFW\glfw3.h(123): message : see previous definition of 'APIENTRY'
C:\Lab1-Graphics-main\Application.cpp(288,43): warning C4244: 'argument': conversion from 'float' to 'int', possible loss of data
C:\Lab1-Graphics-main\Application.cpp(290,46): warning C4244: 'argument': conversion from 'float' to 'int', possible loss of data
  DynamicShapeArray.cpp
C:\Program Files (x86)\Windows Kits\10\Include\10.0.18362.0\shared\minwindef.h(130,1): warning C4005: 'APIENTRY': macro redefinition
C:\Lab1-Graphics-main\Dependencies\GLFW\glfw3.h(123): message : see previous definition of 'APIENTRY'
C:\Lab1-Graphics-main\DynamicShapeArray.cpp(101,12): warning C4244: 'initializing': conversion from 'double' to 'float', possible loss of data
C:\Lab1-Graphics-main\DynamicShapeArray.cpp(124,23): warning C4244: 'argument': conversion from 'int' to 'float', possible loss of data
C:\Lab1-Graphics-main\DynamicShapeArray.cpp(130,66): warning C4244: 'argument': conversion from 'int' to 'float', possible loss of data
C:\Lab1-Graphics-main\DynamicShapeArray.cpp(154,13): warning C4244: 'initializing': conversion from 'int' to 'float', possible loss of data
C:\Lab1-Graphics-main\DynamicShapeArray.cpp(171,53): warning C4838: conversion from 'float' to 'int' requires a narrowing conversion
C:\Lab1-Graphics-main\DynamicShapeArray.cpp(171,53): warning C4244: 'initializing': conversion from 'float' to 'int', possible loss of data
C:\Lab1-Graphics-main\DynamicShapeArray.cpp(172,30): warning C4838: conversion from 'float' to 'int' requires a narrowing conversion
C:\Lab1-Graphics-main\DynamicShapeArray.cpp(172,30): warning C4244: 'initializing': conversion from 'float' to 'int', possible loss of data
C:\Lab1-Graphics-main\DynamicShapeArray.cpp(173,30): warning C4838: conversion from 'float' to 'int' requires a narrowing conversion
C:\Lab1-Graphics-main\DynamicShapeArray.cpp(173,30): warning C4244: 'initializing': conversion from 'float' to 'int', possible loss of data
C:\Lab1-Graphics-main\DynamicShapeArray.cpp(180,45): warning C4244: '=': conversion from 'int' to 'float', possible loss of data
C:\Lab1-Graphics-main\DynamicShapeArray.cpp(181,45): warning C4244: '=': conversion from 'int' to 'float', possible loss of data
C:\Lab1-Graphics-main\DynamicShapeArray.cpp(182,45): warning C4244: '=': conversion from 'int' to 'float', possible loss of data
C:\Lab1-Graphics-main\DynamicShapeArray.cpp(484,15): warning C4244: 'initializing': conversion from 'int' to 'float', possible loss of data
C:\Lab1-Graphics-main\DynamicShapeArray.cpp(485,15): warning C4244: 'initializing': conversion from 'int' to 'float', possible loss of data
C:\Lab1-Graphics-main\DynamicShapeArray.cpp(516,15): warning C4244: 'initializing': conversion from 'int' to 'float', possible loss of data
C:\Lab1-Graphics-main\DynamicShapeArray.cpp(517,15): warning C4244: 'initializing': conversion from 'int' to 'float', possible loss of data
C:\Lab1-Graphics-main\DynamicShapeArray.cpp(468,13): warning C4101: 'M': unreferenced local variable
C:\Lab1-Graphics-main\DynamicShapeArray.cpp(493,13): warning C4101: 'M': unreferenced local variable
C:\Lab1-Graphics-main\DynamicShapeArray.cpp(525,13): warning C4101: 'M': unreferenced local variable
C:\Lab1-Graphics-main\DynamicShapeArray.cpp(978,16): warning C4244: 'initializing': conversion from '_Rep' to 'unsigned int', possible loss of data
          with
          [
              _Rep=std::chrono::system_clock::rep
          ]
C:\Lab1-Graphics-main\DynamicShapeArray.cpp(985,16): warning C4244: 'initializing': conversion from '_Rep' to 'unsigned int', possible loss of data
          with
          [
              _Rep=std::chrono::system_clock::rep
          ]
  Shader.cpp
  Generating Code...
LINK : warning LNK4098: defaultlib 'MSVCRT' conflicts with use of other libs; use /NODEFAULTLIB:library
LINK : warning LNK4098: defaultlib 'LIBCMT' conflicts with use of other libs; use /NODEFAULTLIB:library
glew32s.lib(glew.obj) : warning LNK4099: PDB 'vc120.pdb' was not found with 'glew32s.lib(glew.obj)' or at 'C:\Lab1-Graphics-main\x64\Debug\vc120.pdb'; linking object as if no debug info
  Lab1Graphics.vcxproj -> C:\Lab1-Graphics-main\x64\Debug\Lab1Graphics.exe
